// Jest Snapshot v1, https://goo.gl/fbAQLP

exports[`App renders without crashing 1`] = `
<div
  className="App"
>
  <div
    className="snow"
  >
    <svg
      preserveAspectRatio="xMidYMax slice"
      viewBox="0 0 1024 1536"
    >
      <g
        fill="#FFF"
        fillOpacity=".15"
        transform="translate(55 42)"
      >
        <g
          id="snow-bottom-layer"
        >
          <ellipse
            cx="6"
            cy="1009.5"
            rx="6"
            ry="5.5"
          />
          <ellipse
            cx="138"
            cy="1110.5"
            rx="6"
            ry="5.5"
          />
          <ellipse
            cx="398"
            cy="1055.5"
            rx="6"
            ry="5.5"
          />
          <ellipse
            cx="719"
            cy="1284.5"
            rx="6"
            ry="5.5"
          />
          <ellipse
            cx="760"
            cy="1155.5"
            rx="6"
            ry="5.5"
          />
          <ellipse
            cx="635"
            cy="1459.5"
            rx="6"
            ry="5.5"
          />
          <ellipse
            cx="478"
            cy="1335.5"
            rx="6"
            ry="5.5"
          />
          <ellipse
            cx="322"
            cy="1414.5"
            rx="6"
            ry="5.5"
          />
          <ellipse
            cx="247"
            cy="1234.5"
            rx="6"
            ry="5.5"
          />
          <ellipse
            cx="154"
            cy="1425.5"
            rx="6"
            ry="5.5"
          />
          <ellipse
            cx="731"
            cy="773.5"
            rx="6"
            ry="5.5"
          />
          <ellipse
            cx="599"
            cy="874.5"
            rx="6"
            ry="5.5"
          />
          <ellipse
            cx="339"
            cy="819.5"
            rx="6"
            ry="5.5"
          />
          <ellipse
            cx="239"
            cy="1004.5"
            rx="6"
            ry="5.5"
          />
          <ellipse
            cx="113"
            cy="863.5"
            rx="6"
            ry="5.5"
          />
          <ellipse
            cx="102"
            cy="1223.5"
            rx="6"
            ry="5.5"
          />
          <ellipse
            cx="395"
            cy="1155.5"
            rx="6"
            ry="5.5"
          />
          <ellipse
            cx="826"
            cy="943.5"
            rx="6"
            ry="5.5"
          />
          <ellipse
            cx="626"
            cy="1054.5"
            rx="6"
            ry="5.5"
          />
          <ellipse
            cx="887"
            cy="1366.5"
            rx="6"
            ry="5.5"
          />
          <ellipse
            cx="6"
            cy="241.5"
            rx="6"
            ry="5.5"
          />
          <ellipse
            cx="138"
            cy="342.5"
            rx="6"
            ry="5.5"
          />
          <ellipse
            cx="398"
            cy="287.5"
            rx="6"
            ry="5.5"
          />
          <ellipse
            cx="719"
            cy="516.5"
            rx="6"
            ry="5.5"
          />
          <ellipse
            cx="760"
            cy="387.5"
            rx="6"
            ry="5.5"
          />
          <ellipse
            cx="635"
            cy="691.5"
            rx="6"
            ry="5.5"
          />
          <ellipse
            cx="478"
            cy="567.5"
            rx="6"
            ry="5.5"
          />
          <ellipse
            cx="322"
            cy="646.5"
            rx="6"
            ry="5.5"
          />
          <ellipse
            cx="247"
            cy="466.5"
            rx="6"
            ry="5.5"
          />
          <ellipse
            cx="154"
            cy="657.5"
            rx="6"
            ry="5.5"
          />
          <ellipse
            cx="731"
            cy="5.5"
            rx="6"
            ry="5.5"
          />
          <ellipse
            cx="599"
            cy="106.5"
            rx="6"
            ry="5.5"
          />
          <ellipse
            cx="339"
            cy="51.5"
            rx="6"
            ry="5.5"
          />
          <ellipse
            cx="239"
            cy="236.5"
            rx="6"
            ry="5.5"
          />
          <ellipse
            cx="113"
            cy="95.5"
            rx="6"
            ry="5.5"
          />
          <ellipse
            cx="102"
            cy="455.5"
            rx="6"
            ry="5.5"
          />
          <ellipse
            cx="395"
            cy="387.5"
            rx="6"
            ry="5.5"
          />
          <ellipse
            cx="826"
            cy="175.5"
            rx="6"
            ry="5.5"
          />
          <ellipse
            cx="626"
            cy="286.5"
            rx="6"
            ry="5.5"
          />
          <ellipse
            cx="887"
            cy="598.5"
            rx="6"
            ry="5.5"
          />
        </g>
      </g>
      <g
        fill="#FFF"
        fillOpacity=".3"
        transform="translate(65 63)"
      >
        <g
          id="snow-top-layer"
        >
          <circle
            cx="8"
            cy="776"
            r="8"
          />
          <circle
            cx="189"
            cy="925"
            r="8"
          />
          <circle
            cx="548"
            cy="844"
            r="8"
          />
          <circle
            cx="685"
            cy="1115"
            r="8"
          />
          <circle
            cx="858"
            cy="909"
            r="8"
          />
          <circle
            cx="874"
            cy="1438"
            r="8"
            transform="rotate(180 874 1438)"
          />
          <circle
            cx="657"
            cy="1256"
            r="8"
            transform="rotate(180 657 1256)"
          />
          <circle
            cx="443"
            cy="1372"
            r="8"
            transform="rotate(180 443 1372)"
          />
          <circle
            cx="339"
            cy="1107"
            r="8"
            transform="rotate(180 339 1107)"
          />
          <circle
            cx="24"
            cy="1305"
            r="8"
            transform="rotate(180 24 1305)"
          />
          <circle
            cx="8"
            cy="8"
            r="8"
          />
          <circle
            cx="189"
            cy="157"
            r="8"
          />
          <circle
            cx="548"
            cy="76"
            r="8"
          />
          <circle
            cx="685"
            cy="347"
            r="8"
          />
          <circle
            cx="858"
            cy="141"
            r="8"
          />
          <circle
            cx="874"
            cy="670"
            r="8"
            transform="rotate(180 874 670)"
          />
          <circle
            cx="657"
            cy="488"
            r="8"
            transform="rotate(180 657 488)"
          />
          <circle
            cx="443"
            cy="604"
            r="8"
            transform="rotate(180 443 604)"
          />
          <circle
            cx="339"
            cy="339"
            r="8"
            transform="rotate(180 339 339)"
          />
          <circle
            cx="24"
            cy="537"
            r="8"
            transform="rotate(180 24 537)"
          />
        </g>
      </g>
    </svg>
  </div>
  <header />
  <section
    className="tweetbox border-bottom"
  >
    <div
      className="container"
    >
      <div
        className="row"
      >
        <div
          className="d-none d-md-block col-md-3"
        >
          <img
            className="avatar rounded-circle"
            src="https://pbs.twimg.com/profile_images/553467511211970560/nBE77dF0_400x400.jpeg"
          />
        </div>
        <div
          className="col-md-9 col-sm-12"
        >
          <div
            className="px-4 input-group"
          >
            <input
              className="form-control"
              onChange={[Function]}
              placeholder="What's happening?"
              value=""
            />
            <div
              className="input-group-append"
            >
              <button
                className="btn btn-primary"
                disabled={false}
                onClick={[Function]}
                type="submit"
                value="submit"
              >
                <span
                  className="mobile-hidden"
                >
                  Tweet 
                </span>
                <svg
                  aria-hidden="true"
                  className="svg-inline--fa fa-twitter fa-w-16 fa-null fa-rotate-null fa-pull-null "
                  data-icon="twitter"
                  data-prefix="fab"
                  focusable="false"
                  role="img"
                  style={Object {}}
                  viewBox="0 0 512 512"
                  xmlns="http://www.w3.org/2000/svg"
                >
                  <path
                    d="M459.37 151.716c.325 4.548.325 9.097.325 13.645 0 138.72-105.583 298.558-298.558 298.558-59.452 0-114.68-17.219-161.137-47.106 8.447.974 16.568 1.299 25.34 1.299 49.055 0 94.213-16.568 130.274-44.832-46.132-.975-84.792-31.188-98.112-72.772 6.498.974 12.995 1.624 19.818 1.624 9.421 0 18.843-1.3 27.614-3.573-48.081-9.747-84.143-51.98-84.143-102.985v-1.299c13.969 7.797 30.214 12.67 47.431 13.319-28.264-18.843-46.781-51.005-46.781-87.391 0-19.492 5.197-37.36 14.294-52.954 51.655 63.675 129.3 105.258 216.365 109.807-1.624-7.797-2.599-15.918-2.599-24.04 0-57.828 46.782-104.934 104.934-104.934 30.213 0 57.502 12.67 76.67 33.137 23.715-4.548 46.456-13.32 66.599-25.34-7.798 24.366-24.366 44.833-46.132 57.827 21.117-2.273 41.584-8.122 60.426-16.243-14.292 20.791-32.161 39.308-52.628 54.253z"
                    fill="currentColor"
                    style={Object {}}
                  />
                </svg>
              </button>
              <p
                className="chars my-auto mobile-hidden"
              >
                140 chars left
              </p>
            </div>
          </div>
          <div
            className="tweets mt-4 container"
          />
        </div>
      </div>
    </div>
  </section>
  <div
    className="fade custom-alert hidden alert show"
    role="alert"
  >
    
  </div>
</div>
`;
